C:\Users\BEST BUY COMPUTERS\AppData\Local\Programs\Python\Python314\Lib\site-packages\requests\__init__.py:113: RequestsDependencyWarning: urllib3 (2.6.2) or chardet (7.4.3)/charset_normalizer (3.4.4) doesn't match a supported version!
  warnings.warn(
C:\Users\BEST BUY COMPUTERS\AppData\Local\Programs\Python\Python314\Lib\site-packages\modal\_utils\async_utils.py:42: DeprecationWarning: 'asyncio.WindowsSelectorEventLoopPolicy' is deprecated and slated for removal in Python 3.16
  asyncio.set_event_loop_policy(asyncio.WindowsSelectorEventLoopPolicy())
C:\Users\BEST BUY COMPUTERS\AppData\Local\Programs\Python\Python314\Lib\site-packages\modal\_utils\async_utils.py:42: DeprecationWarning: 'asyncio.set_event_loop_policy' is deprecated and slated for removal in Python 3.16
  asyncio.set_event_loop_policy(asyncio.WindowsSelectorEventLoopPolicy())
<frozen runpy>:128: RuntimeWarning: 'swebench.harness.run_evaluation' found in sys.modules after import of package 'swebench.harness', but prior to execution of 'swebench.harness.run_evaluation'; this may result in unpredictable behaviour
2026-08-04 19:16:41,303 - httpx - INFO - HTTP Request: HEAD https://huggingface.co/datasets/princeton-nlp/SWE-bench_Verified/resolve/main/README.md "HTTP/1.1 307 Temporary Redirect"
2026-08-04 19:16:41,368 - httpx - INFO - HTTP Request: HEAD https://huggingface.co/api/resolve-cache/datasets/princeton-nlp/SWE-bench_Verified/c104f840cc67f8b6eec6f759ebc8b2693d585d4a/README.md "HTTP/1.1 200 OK"
2026-08-04 19:16:41,749 - httpx - INFO - HTTP Request: HEAD https://huggingface.co/datasets/princeton-nlp/SWE-bench_Verified/resolve/c104f840cc67f8b6eec6f759ebc8b2693d585d4a/SWE-bench_Verified.py "HTTP/1.1 404 Not Found"
2026-08-04 19:16:42,502 - httpx - INFO - HTTP Request: HEAD https://s3.amazonaws.com/datasets.huggingface.co/datasets/datasets/princeton-nlp/SWE-bench_Verified/princeton-nlp/SWE-bench_Verified.py "HTTP/1.1 404 Not Found"
2026-08-04 19:16:42,819 - httpx - INFO - HTTP Request: GET https://huggingface.co/api/datasets/princeton-nlp/SWE-bench_Verified/revision/c104f840cc67f8b6eec6f759ebc8b2693d585d4a "HTTP/1.1 200 OK"
2026-08-04 19:16:43,174 - httpx - INFO - HTTP Request: HEAD https://huggingface.co/datasets/princeton-nlp/SWE-bench_Verified/resolve/c104f840cc67f8b6eec6f759ebc8b2693d585d4a/.huggingface.yaml "HTTP/1.1 404 Not Found"
2026-08-04 19:16:43,623 - httpx - INFO - HTTP Request: GET https://datasets-server.huggingface.co/info?dataset=princeton-nlp/SWE-bench_Verified "HTTP/1.1 200 OK"
2026-08-04 19:16:43,919 - httpx - INFO - HTTP Request: GET https://huggingface.co/api/datasets/princeton-nlp/SWE-bench_Verified/tree/c104f840cc67f8b6eec6f759ebc8b2693d585d4a/data?recursive=true&expand=false "HTTP/1.1 200 OK"
2026-08-04 19:16:44,199 - httpx - INFO - HTTP Request: GET https://huggingface.co/api/datasets/princeton-nlp/SWE-bench_Verified/tree/c104f840cc67f8b6eec6f759ebc8b2693d585d4a?recursive=false&expand=false "HTTP/1.1 200 OK"
2026-08-04 19:16:44,515 - httpx - INFO - HTTP Request: HEAD https://huggingface.co/datasets/princeton-nlp/SWE-bench_Verified/resolve/c104f840cc67f8b6eec6f759ebc8b2693d585d4a/dataset_infos.json "HTTP/1.1 404 Not Found"
2026-08-04 19:16:45,610 - httpx - INFO - HTTP Request: HEAD https://huggingface.co/datasets/princeton-nlp/SWE-bench_Verified/resolve/main/README.md "HTTP/1.1 307 Temporary Redirect"
2026-08-04 19:16:45,663 - httpx - INFO - HTTP Request: HEAD https://huggingface.co/api/resolve-cache/datasets/princeton-nlp/SWE-bench_Verified/c104f840cc67f8b6eec6f759ebc8b2693d585d4a/README.md "HTTP/1.1 200 OK"
2026-08-04 19:16:45,954 - httpx - INFO - HTTP Request: HEAD https://huggingface.co/datasets/princeton-nlp/SWE-bench_Verified/resolve/c104f840cc67f8b6eec6f759ebc8b2693d585d4a/SWE-bench_Verified.py "HTTP/1.1 404 Not Found"
2026-08-04 19:16:46,199 - httpx - INFO - HTTP Request: HEAD https://s3.amazonaws.com/datasets.huggingface.co/datasets/datasets/princeton-nlp/SWE-bench_Verified/princeton-nlp/SWE-bench_Verified.py "HTTP/1.1 404 Not Found"
2026-08-04 19:16:46,565 - httpx - INFO - HTTP Request: HEAD https://huggingface.co/datasets/princeton-nlp/SWE-bench_Verified/resolve/c104f840cc67f8b6eec6f759ebc8b2693d585d4a/.huggingface.yaml "HTTP/1.1 404 Not Found"
2026-08-04 19:16:46,853 - httpx - INFO - HTTP Request: GET https://datasets-server.huggingface.co/info?dataset=princeton-nlp/SWE-bench_Verified "HTTP/1.1 200 OK"
2026-08-04 19:16:47,147 - httpx - INFO - HTTP Request: HEAD https://huggingface.co/datasets/princeton-nlp/SWE-bench_Verified/resolve/c104f840cc67f8b6eec6f759ebc8b2693d585d4a/dataset_infos.json "HTTP/1.1 404 Not Found"
Running 10 instances...

Evaluation:   0%|          | 0/10 [00:00<?, ?it/s, error=0, \u2713=0, \u2716=0]
Evaluation:   0%|          | 0/10 [39:29<?, ?it/s, \u2713=0, \u2716=1, error=0]
Evaluation:  10%|#         | 1/10 [39:29<5:55:26, 2369.64s/it, \u2713=0, \u2716=1, error=0]
Evaluation:  10%|#         | 1/10 [39:38<5:55:26, 2369.64s/it, \u2713=0, \u2716=2, error=0]
Evaluation:  20%|##        | 2/10 [39:38<2:10:48, 981.07s/it, \u2713=0, \u2716=2, error=0] 
Evaluation:  20%|##        | 2/10 [1:08:34<2:10:48, 981.07s/it, \u2713=0, \u2716=3, error=0]
Evaluation:  30%|###       | 3/10 [1:08:34<2:34:41, 1325.92s/it, \u2713=0, \u2716=3, error=0]
Evaluation:  30%|###       | 3/10 [1:22:27<2:34:41, 1325.92s/it, \u2713=0, \u2716=4, error=0]
Evaluation:  40%|####      | 4/10 [1:22:27<1:53:06, 1131.01s/it, \u2713=0, \u2716=4, error=0]
Evaluation:  40%|####      | 4/10 [1:22:34<1:53:06, 1131.01s/it, \u2713=0, \u2716=5, error=0]
Evaluation:  50%|#####     | 5/10 [1:22:34<1:00:29, 725.92s/it, \u2713=0, \u2716=5, error=0] 
Evaluation:  50%|#####     | 5/10 [1:48:46<1:00:29, 725.92s/it, \u2713=0, \u2716=6, error=0]
Evaluation:  60%|######    | 6/10 [1:48:46<1:07:34, 1013.53s/it, \u2713=0, \u2716=6, error=0]
Evaluation:  60%|######    | 6/10 [1:52:59<1:07:34, 1013.53s/it, \u2713=0, \u2716=7, error=0]
Evaluation:  70%|#######   | 7/10 [1:52:59<38:14, 764.77s/it, \u2713=0, \u2716=7, error=0]   
Evaluation:  70%|#######   | 7/10 [2:04:13<38:14, 764.77s/it, \u2713=0, \u2716=8, error=0]
Evaluation:  80%|########  | 8/10 [2:04:13<24:31, 735.81s/it, \u2713=0, \u2716=8, error=0]
Evaluation:  80%|########  | 8/10 [2:04:39<24:31, 735.81s/it, \u2713=0, \u2716=9, error=0]
Evaluation:  90%|######### | 9/10 [2:04:39<08:34, 514.02s/it, \u2713=0, \u2716=9, error=0]
Evaluation:  90%|######### | 9/10 [2:09:16<08:34, 514.02s/it, \u2713=0, \u2716=10, error=0]
Evaluation: 100%|##########| 10/10 [2:09:16<00:00, 440.88s/it, \u2713=0, \u2716=10, error=0]
Evaluation: 100%|##########| 10/10 [2:09:16<00:00, 775.66s/it, \u2713=0, \u2716=10, error=0]
All instances run.
Cleaning cached images...
Removed 0 images.
Total instances: 10
Instances submitted: 10
Instances completed: 10
Instances incomplete: 0
Instances resolved: 0
Instances unresolved: 10
Instances with empty patches: 0
Instances with errors: 0
Unstopped containers: 0
Unremoved images: 0
Report written to commscm-oracle-gold.oracle_gold_sample_n10_s7.json
